main.c:69:6:clear7SEG	8	static
main.c:74:6:display7SEG	16	static
main.c:117:6:update7SEG	16	static
main.c:144:6:updateClockBuffer	16	static
main.c:161:6:LedBlinky	8	static
main.c:164:6:DoubleDot	8	static
main.c:167:6:UpdateTimer	8	static
main.c:187:6:task_update7SEG	8	static
main.c:195:5:main	16	static
main.c:282:6:HAL_TIM_PeriodElapsedCallback	16	static
main.c:289:6:SystemClock_Config	72	static
main.c:325:13:MX_TIM2_Init	32	static
main.c:370:13:MX_GPIO_Init	32	static
main.c:413:6:Error_Handler	4	static,ignoring_inline_asm
